// Jest Snapshot v1, https://goo.gl/fbAQLP

exports[`renders correctly 1`] = `
<div
  className="sc-bdVaJa cNLavf"
>
  <input
    checked={false}
    type="checkbox"
  />
  <span />
</div>
`;
