// Jest Snapshot v1, https://goo.gl/fbAQLP

exports[`renders the proper HTML structure 1`] = `
.c5 {
  -webkit-order: 0;
  -ms-flex-order: 0;
  order: 0;
  -webkit-flex-basis: auto;
  -ms-flex-preferred-size: auto;
  flex-basis: auto;
  -webkit-box-flex: 0;
  -webkit-flex-grow: 0;
  -ms-flex-positive: 0;
  flex-grow: 0;
  -webkit-flex-shrink: 1;
  -ms-flex-negative: 1;
  flex-shrink: 1;
  display: block;
  -webkit-box-flex: 1;
  -webkit-flex-grow: 1;
  -ms-flex-positive: 1;
  flex-grow: 1;
}

.c1 {
  display: -webkit-box;
  display: -webkit-flex;
  display: -ms-flexbox;
  display: flex;
  -webkit-flex-direction: row;
  -ms-flex-direction: row;
  flex-direction: row;
  -webkit-flex-wrap: nowrap;
  -ms-flex-wrap: nowrap;
  flex-wrap: nowrap;
  -webkit-box-pack: start;
  -webkit-justify-content: flex-start;
  -ms-flex-pack: start;
  justify-content: flex-start;
  -webkit-align-content: stretch;
  -ms-flex-line-pack: stretch;
  align-content: stretch;
  -webkit-flex-direction: column;
  -ms-flex-direction: column;
  flex-direction: column;
  width: 100%;
  height: 100%;
  -webkit-flex-basis: 100%;
  -ms-flex-preferred-size: 100%;
  flex-basis: 100%;
  -webkit-transition: opacity 0.25s linear,z-index 0s linear;
  transition: opacity 0.25s linear,z-index 0s linear;
  text-align: center;
  position: absolute;
  top: 0;
  left: 0;
  right: 0;
  bottom: 0;
  background: #191919;
  z-index: 3;
  opacity: 1;
}

.c1 a {
  color: white;
  -webkit-text-decoration: none;
  text-decoration: none;
  opacity: 0.75;
  -webkit-transition: opacity 0.2s linear;
  transition: opacity 0.2s linear;
}

.c1 a:hover {
  opacity: 1;
}

.c3 {
  display: -webkit-box;
  display: -webkit-flex;
  display: -ms-flexbox;
  display: flex;
  -webkit-flex-direction: row;
  -ms-flex-direction: row;
  flex-direction: row;
  -webkit-flex-wrap: nowrap;
  -ms-flex-wrap: nowrap;
  flex-wrap: nowrap;
  -webkit-box-pack: start;
  -webkit-justify-content: flex-start;
  -ms-flex-pack: start;
  justify-content: flex-start;
  -webkit-align-content: stretch;
  -ms-flex-line-pack: stretch;
  align-content: stretch;
  -webkit-flex-direction: column;
  -ms-flex-direction: column;
  flex-direction: column;
  width: 100%;
  height: 100%;
  -webkit-flex-basis: 100%;
  -ms-flex-preferred-size: 100%;
  flex-basis: 100%;
  padding: 10px;
  box-sizing: border-box;
}

.c2 {
  display: -webkit-box;
  display: -webkit-flex;
  display: -ms-flexbox;
  display: flex;
  -webkit-flex-direction: row;
  -ms-flex-direction: row;
  flex-direction: row;
  -webkit-flex-wrap: nowrap;
  -ms-flex-wrap: nowrap;
  flex-wrap: nowrap;
  -webkit-box-pack: start;
  -webkit-justify-content: flex-start;
  -ms-flex-pack: start;
  justify-content: flex-start;
  -webkit-align-content: stretch;
  -ms-flex-line-pack: stretch;
  align-content: stretch;
  background: #eb093f;
  color: white;
  padding: 10px;
  font-size: 16px;
  font-weight: bold;
  line-height: 1;
}

.c2 span {
  margin: 0 auto;
}

.c2 a {
  margin: 0 3px 0 auto;
  font-size: 14px;
  font-weight: normal;
  color: white;
  -webkit-text-decoration: none;
  text-decoration: none;
}

.c4 {
  background: #0c0c0c;
  border-radius: 2px;
  padding: 5px;
  margin: 0;
  width: 100%;
  box-sizing: border-box;
  font-family: monospace;
  overflow: auto;
  text-align: left;
}

.c0 .send-button {
  background: #0078d7;
  padding: 1px 2px;
  color: white;
  font-weight: bold;
  white-space: nowrap;
}

<div
  className="c0 c1"
>
  <div
    className="c2"
    color="red"
  >
    <span>
      Oh dear, an error!
    </span>
    <a
      href="#"
      onClick={[Function]}
    >
      Close
    </a>
  </div>
  <div
    className="c3"
  >
    <p>
      Looks like we've run into a problem. You could help the developers out and 
      <a
        className="send-button"
        href="#"
        onClick={[Function]}
      >
        send the error report.
      </a>
      <br />
      <a
        href="#"
        onClick={[Function]}
      >
        What does this mean?
      </a>
    </p>
    <div
      className="c4 c5"
      onClick={[Function]}
    >
      foobar
    </div>
  </div>
</div>
`;
