// Jest Snapshot v1, https://goo.gl/fbAQLP

exports[`renders correctly 1`] = `
.c0 {
  display: -webkit-box;
  display: -webkit-flex;
  display: -ms-flexbox;
  display: flex;
  -webkit-align-items: center;
  -webkit-box-align: center;
  -ms-flex-align: center;
  align-items: center;
}

.c0 > .input {
  -webkit-box-flex: 1;
  -webkit-flex-grow: 1;
  -ms-flex-positive: 1;
  flex-grow: 1;
}

.c0 > .label {
  margin-right: 5px;
}

<label
  className="c0"
>
  <span
    className="label"
  >
    Look ima label
  </span>
  <span
    className="input"
  >
    <span>
      foo
    </span>
  </span>
</label>
`;
