// Jest Snapshot v1, https://goo.gl/fbAQLP

exports[`renders correctly 1`] = `
.c1 {
  padding: 4px 8px;
  margin: 10px auto;
  min-width: 100px;
  font-family: "Adobe Clean","Segoe UI","San Francisco",sans-serif;
  color: white;
  background: #191919;
  border: solid 1px #404040;
  font-size: 10pt;
  outline: none;
  box-sizing: border-box;
  -webkit-transition: background 0.1s ease-in-out,border-color 0.1s ease-in-out,-webkit-transform 0.1s ease-in-out;
  -webkit-transition: background 0.1s ease-in-out,border-color 0.1s ease-in-out,transform 0.1s ease-in-out;
  transition: background 0.1s ease-in-out,border-color 0.1s ease-in-out,transform 0.1s ease-in-out;
  -webkit-transform: scale(1);
  -ms-transform: scale(1);
  transform: scale(1);
  cursor: pointer;
  display: inline-block;
}

.c1:hover,
.c1:focus,
.c1:active {
  border-color: #0078d7;
  background: #0c0c0c;
}

.c1:active {
  -webkit-transform: scale(0.95);
  -ms-transform: scale(0.95);
  transform: scale(0.95);
  background: #262626;
}

.c2 {
  display: -webkit-box;
  display: -webkit-flex;
  display: -ms-flexbox;
  display: flex;
  -webkit-flex-direction: row;
  -ms-flex-direction: row;
  flex-direction: row;
  -webkit-flex-wrap: nowrap;
  -ms-flex-wrap: nowrap;
  flex-wrap: nowrap;
  -webkit-box-pack: start;
  -webkit-justify-content: flex-start;
  -ms-flex-pack: start;
  justify-content: flex-start;
  -webkit-align-content: stretch;
  -ms-flex-line-pack: stretch;
  align-content: stretch;
  -webkit-align-items: center;
  -webkit-box-align: center;
  -ms-flex-align: center;
  align-items: center;
  width: 100%;
  height: 100%;
  -webkit-flex-basis: 100%;
  -ms-flex-preferred-size: 100%;
  flex-basis: 100%;
}

.c0 {
  background: #0078d7;
  border: none;
}

.c0 span {
  margin-right: 5px;
}

.c0 img {
  height: 12px;
  margin-left: auto;
}

.c0:hover,
.c0:active,
.c0:focus {
  background: #0078d7;
}

.c0:hover {
  background: #0c0c0c;
}

<button
  className="c0 c1"
  onClick={[Function]}
>
  <div
    className="c2"
  >
    <span>
      Foobar
    </span>
    <img
      alt="Next"
      src="test-file-stub"
    />
  </div>
</button>
`;
