// Jest Snapshot v1, https://goo.gl/fbAQLP

exports[`renders correctly 1`] = `
<div
  className="sc-bdVaJa bytmHV"
  id="panel"
>
  <div>
    Foo Bar
  </div>
</div>
`;
