// Jest Snapshot v1, https://goo.gl/fbAQLP

exports[`renders the proper HTML structure 1`] = `
.c1 {
  display: -webkit-box;
  display: -webkit-flex;
  display: -ms-flexbox;
  display: flex;
  -webkit-flex-direction: row;
  -ms-flex-direction: row;
  flex-direction: row;
  -webkit-flex-wrap: nowrap;
  -ms-flex-wrap: nowrap;
  flex-wrap: nowrap;
  -webkit-box-pack: start;
  -webkit-justify-content: flex-start;
  -ms-flex-pack: start;
  justify-content: flex-start;
  -webkit-align-content: stretch;
  -ms-flex-line-pack: stretch;
  align-content: stretch;
  -webkit-flex-direction: column;
  -ms-flex-direction: column;
  flex-direction: column;
  -webkit-align-items: center;
  -webkit-box-align: center;
  -ms-flex-align: center;
  align-items: center;
  -webkit-box-pack: center;
  -webkit-justify-content: center;
  -ms-flex-pack: center;
  justify-content: center;
  -webkit-transition: opacity 0.25s linear,z-index 0s linear;
  transition: opacity 0.25s linear,z-index 0s linear;
  text-align: center;
  position: absolute;
  top: 0;
  left: 0;
  right: 0;
  bottom: 0;
  background: #191919;
  z-index: 3;
  opacity: 1;
}

.c1 a {
  color: white;
  -webkit-text-decoration: none;
  text-decoration: none;
  opacity: 0.75;
  -webkit-transition: opacity 0.2s linear;
  transition: opacity 0.2s linear;
}

.c1 a:hover {
  opacity: 1;
}

.c0 {
  background: none;
  -webkit-transition: opacity 0.25s linear,z-index 0s linear 0.25s;
  transition: opacity 0.25s linear,z-index 0s linear 0.25s;
}

.c0 > p {
  padding: 10px 15px;
  background: #0c0c0c;
  border: solid 1px #404040;
  box-shadow: 0 0 3px #191919;
  border-radius: 2px;
}

<div
  className="c0 c1"
>
  <p>
    Hello world!
  </p>
</div>
`;
