// Jest Snapshot v1, https://goo.gl/fbAQLP

exports[`renders correctly 1`] = `
.c3 {
  display: -webkit-box;
  display: -webkit-flex;
  display: -ms-flexbox;
  display: flex;
  -webkit-align-items: center;
  -webkit-box-align: center;
  -ms-flex-align: center;
  align-items: center;
  -webkit-box-pack: center;
  -webkit-justify-content: center;
  -ms-flex-pack: center;
  justify-content: center;
  background: #262626;
  cursor: pointer;
  -webkit-transition: background 0.1s linear;
  transition: background 0.1s linear;
  width: 100%;
  height: 35px;
  border: none;
  outline: none;
}

.c3 img {
  width: 16px;
  -webkit-transition: -webkit-transform 0.25s ease-in-out;
  -webkit-transition: transform 0.25s ease-in-out;
  transition: transform 0.25s ease-in-out;
  -webkit-transform: scale(1);
  -ms-transform: scale(1);
  transform: scale(1);
  margin: 0 auto;
}

.c3:hover {
  background: #262626;
}

.c3:active {
  padding: 0;
}

.c3:active img {
  -webkit-transform: scale(0.9);
  -ms-transform: scale(0.9);
  transform: scale(0.9);
}

.c4 {
  display: -webkit-box;
  display: -webkit-flex;
  display: -ms-flexbox;
  display: flex;
  -webkit-align-items: center;
  -webkit-box-align: center;
  -ms-flex-align: center;
  align-items: center;
  -webkit-box-pack: center;
  -webkit-justify-content: center;
  -ms-flex-pack: center;
  justify-content: center;
  background: #191919;
  cursor: pointer;
  -webkit-transition: background 0.1s linear;
  transition: background 0.1s linear;
  width: 100%;
  height: 35px;
  border: none;
  outline: none;
}

.c4 img {
  width: 16px;
  -webkit-transition: -webkit-transform 0.25s ease-in-out;
  -webkit-transition: transform 0.25s ease-in-out;
  transition: transform 0.25s ease-in-out;
  -webkit-transform: scale(1);
  -ms-transform: scale(1);
  transform: scale(1);
  margin: 0 auto;
}

.c4:hover {
  background: #262626;
}

.c4:active {
  padding: 0;
}

.c4:active img {
  -webkit-transform: scale(0.9);
  -ms-transform: scale(0.9);
  transform: scale(0.9);
}

.c2 {
  margin: 0 0 0 auto;
  background: #191919;
  width: 35px;
}

.c1 {
  display: -webkit-box;
  display: -webkit-flex;
  display: -ms-flexbox;
  display: flex;
  -webkit-flex-direction: row;
  -ms-flex-direction: row;
  flex-direction: row;
  -webkit-flex-wrap: nowrap;
  -ms-flex-wrap: nowrap;
  flex-wrap: nowrap;
  -webkit-box-pack: start;
  -webkit-justify-content: flex-start;
  -ms-flex-pack: start;
  justify-content: flex-start;
  -webkit-align-content: stretch;
  -ms-flex-line-pack: stretch;
  align-content: stretch;
  width: 100%;
  height: 100%;
  -webkit-flex-basis: 100%;
  -ms-flex-preferred-size: 100%;
  flex-basis: 100%;
}

.c0 {
  position: absolute;
  top: 0;
  bottom: 0;
}

.c0 .content {
  margin: 0 auto 0 0;
  padding: 10px;
  width: 100%;
  overflow-y: auto;
  position: relative;
}

<div
  className="c0 c1"
>
  <div
    className="content"
  >
    <div>
      Tab A
    </div>
  </div>
  <div
    className="c2"
  >
    <button
      className="c3"
      onClick={[Function]}
    >
      <img
        alt="Tab 1"
        src="one"
      />
    </button>
    <button
      className="c4"
      onClick={[Function]}
    >
      <img
        alt="Tab 2"
        src="two"
      />
    </button>
    <button
      className="c4"
      onClick={[Function]}
    >
      <img
        alt="Tab 3"
        src="three"
      />
    </button>
  </div>
</div>
`;
