// Jest Snapshot v1, https://goo.gl/fbAQLP

exports[`renders correctly 1`] = `
.c1 {
  display: -webkit-box;
  display: -webkit-flex;
  display: -ms-flexbox;
  display: flex;
  -webkit-flex-direction: row;
  -ms-flex-direction: row;
  flex-direction: row;
  -webkit-flex-wrap: nowrap;
  -ms-flex-wrap: nowrap;
  flex-wrap: nowrap;
  -webkit-box-pack: start;
  -webkit-justify-content: flex-start;
  -ms-flex-pack: start;
  justify-content: flex-start;
  -webkit-align-content: stretch;
  -ms-flex-line-pack: stretch;
  align-content: stretch;
  -webkit-box-pack: center;
  -webkit-justify-content: center;
  -ms-flex-pack: center;
  justify-content: center;
  width: 100%;
  height: 100%;
  -webkit-flex-basis: 100%;
  -ms-flex-preferred-size: 100%;
  flex-basis: 100%;
}

.c2 {
  display: -webkit-box;
  display: -webkit-flex;
  display: -ms-flexbox;
  display: flex;
  -webkit-flex-direction: row;
  -ms-flex-direction: row;
  flex-direction: row;
  -webkit-flex-wrap: nowrap;
  -ms-flex-wrap: nowrap;
  flex-wrap: nowrap;
  -webkit-box-pack: start;
  -webkit-justify-content: flex-start;
  -ms-flex-pack: start;
  justify-content: flex-start;
  -webkit-align-content: stretch;
  -ms-flex-line-pack: stretch;
  align-content: stretch;
  width: 100%;
  height: 100%;
  -webkit-flex-basis: 100%;
  -ms-flex-preferred-size: 100%;
  flex-basis: 100%;
  -webkit-align-items: center;
  -webkit-box-align: center;
  -ms-flex-align: center;
  align-items: center;
  -webkit-box-pack: center;
  -webkit-justify-content: center;
  -ms-flex-pack: center;
  justify-content: center;
}

.c3 {
  display: -webkit-box;
  display: -webkit-flex;
  display: -ms-flexbox;
  display: flex;
  -webkit-flex-direction: row;
  -ms-flex-direction: row;
  flex-direction: row;
  -webkit-flex-wrap: nowrap;
  -ms-flex-wrap: nowrap;
  flex-wrap: nowrap;
  -webkit-box-pack: start;
  -webkit-justify-content: flex-start;
  -ms-flex-pack: start;
  justify-content: flex-start;
  -webkit-align-content: stretch;
  -ms-flex-line-pack: stretch;
  align-content: stretch;
  -webkit-flex-direction: column;
  -ms-flex-direction: column;
  flex-direction: column;
  -webkit-box-pack: center;
  -webkit-justify-content: center;
  -ms-flex-pack: center;
  justify-content: center;
  width: 100%;
  height: 100%;
  -webkit-flex-basis: 100%;
  -ms-flex-preferred-size: 100%;
  flex-basis: 100%;
}

.c4 {
  display: -webkit-box;
  display: -webkit-flex;
  display: -ms-flexbox;
  display: flex;
  -webkit-flex-direction: row;
  -ms-flex-direction: row;
  flex-direction: row;
  -webkit-flex-wrap: nowrap;
  -ms-flex-wrap: nowrap;
  flex-wrap: nowrap;
  -webkit-box-pack: start;
  -webkit-justify-content: flex-start;
  -ms-flex-pack: start;
  justify-content: flex-start;
  -webkit-align-content: stretch;
  -ms-flex-line-pack: stretch;
  align-content: stretch;
  -webkit-align-items: center;
  -webkit-box-align: center;
  -ms-flex-align: center;
  align-items: center;
}

.c7 {
  display: -webkit-box;
  display: -webkit-flex;
  display: -ms-flexbox;
  display: flex;
  -webkit-flex-direction: row;
  -ms-flex-direction: row;
  flex-direction: row;
  -webkit-flex-wrap: nowrap;
  -ms-flex-wrap: nowrap;
  flex-wrap: nowrap;
  -webkit-box-pack: start;
  -webkit-justify-content: flex-start;
  -ms-flex-pack: start;
  justify-content: flex-start;
  -webkit-align-content: stretch;
  -ms-flex-line-pack: stretch;
  align-content: stretch;
  -webkit-align-items: center;
  -webkit-box-align: center;
  -ms-flex-align: center;
  align-items: center;
  width: 100%;
  height: 100%;
  -webkit-flex-basis: 100%;
  -ms-flex-preferred-size: 100%;
  flex-basis: 100%;
}

.c6 {
  padding: 4px 8px;
  margin: 10px auto;
  min-width: 100px;
  font-family: "Adobe Clean","Segoe UI","San Francisco",sans-serif;
  color: white;
  background: #191919;
  border: solid 1px #404040;
  font-size: 10pt;
  outline: none;
  box-sizing: border-box;
  -webkit-transition: background 0.1s ease-in-out,border-color 0.1s ease-in-out,-webkit-transform 0.1s ease-in-out, opacity 0.1s ease-in-out;
  -webkit-transition: background 0.1s ease-in-out,border-color 0.1s ease-in-out,transform 0.1s ease-in-out, opacity 0.1s ease-in-out;
  transition: background 0.1s ease-in-out,border-color 0.1s ease-in-out,transform 0.1s ease-in-out, opacity 0.1s ease-in-out;
  opacity: 1;
  -webkit-transform: scale(1);
  -ms-transform: scale(1);
  transform: scale(1);
  cursor: pointer;
  display: inline-block;
}

.c6:not(:disabled):hover,
.c6:not(:disabled):focus,
.c6:not(:disabled):active {
  border-color: #0078d7;
  background: #0c0c0c;
}

.c6:not(:disabled):active {
  -webkit-transform: scale(0.95);
  -ms-transform: scale(0.95);
  transform: scale(0.95);
  background: #262626;
}

.c6:disabled {
  cursor: default;
  opacity: 0.5;
}

.c5 {
  background: #0078d7;
  border: none;
}

.c5 span {
  margin-right: 5px;
}

.c5 img {
  height: 12px;
  margin-left: auto;
}

.c5:hover,
.c5:active,
.c5:focus {
  background: #0078d7;
}

.c5:hover {
  background: #0c0c0c;
}

.c0 {
  -webkit-box-flex: 1;
  -webkit-flex-grow: 1;
  -ms-flex-positive: 1;
  flex-grow: 1;
  position: absolute;
  top: 0;
  bottom: 0;
}

.c0 .side {
  width: 50%;
  height: 100%;
  box-sizing: border-box;
}

.c0 .side.image-side {
  background: #191919;
}

.c0 .side.image-side .image-container {
  padding: 15px;
  box-sizing: border-box;
}

.c0 .side.image-side img {
  max-width: 100%;
  max-height: 100%;
}

.c0 .side.copy-side {
  padding: 30px;
}

.c0 .previous-button {
  margin-right: auto;
  margin-left: -8px;
}

.c0 .next-button {
  margin-right: 0;
}

.c0 .final-button {
  font-weight: bold;
  font-size: 14px;
}

.c0 .final-button span {
  margin-right: 10px;
}

.c0 .final-button img {
  height: 14px;
}

.c0 h2 {
  margin: 0;
}

.c0 a {
  color: white;
}

<div
  className="c0 c1"
>
  <div
    className="side image-side"
  >
    <div
      className="image-container c2"
    >
      <img
        src="foo"
      />
    </div>
  </div>
  <div
    className="side copy-side"
  >
    <div
      className="c3"
    >
      <h2>
        Step 1
      </h2>
      <p>
        Step 1
      </p>
      <div
        className="c4"
      >
        <button
          className="next-button c5 c6"
          onClick={[Function]}
        >
          <div
            className="c7"
          >
            <span>
              Step 1 Next
            </span>
            <img
              alt="Next"
              src="test-file-stub"
            />
          </div>
        </button>
      </div>
    </div>
  </div>
</div>
`;
